TS0/bpRNA_CRW_15573.bpseq
TS0/bpRNA_CRW_15828.bpseq
TS0/bpRNA_CRW_15839.bpseq
TS0/bpRNA_CRW_15843.bpseq
TS0/bpRNA_CRW_15923.bpseq
TS0/bpRNA_CRW_16028.bpseq
TS0/bpRNA_CRW_16282.bpseq
TS0/bpRNA_CRW_18116.bpseq
TS0/bpRNA_CRW_19091.bpseq
TS0/bpRNA_CRW_19099.bpseq
TS0/bpRNA_CRW_19650.bpseq
TS0/bpRNA_CRW_19758.bpseq
TS0/bpRNA_CRW_19936.bpseq
TS0/bpRNA_CRW_20109.bpseq
TS0/bpRNA_CRW_20581.bpseq
TS0/bpRNA_CRW_21396.bpseq
TS0/bpRNA_CRW_25167.bpseq
TS0/bpRNA_CRW_25366.bpseq
TS0/bpRNA_CRW_25608.bpseq
TS0/bpRNA_CRW_25624.bpseq
TS0/bpRNA_CRW_25863.bpseq
TS0/bpRNA_CRW_26417.bpseq
TS0/bpRNA_CRW_26828.bpseq
TS0/bpRNA_CRW_26859.bpseq
TS0/bpRNA_CRW_26969.bpseq
TS0/bpRNA_CRW_28126.bpseq
TS0/bpRNA_CRW_28155.bpseq
TS0/bpRNA_CRW_28185.bpseq
TS0/bpRNA_CRW_28284.bpseq
TS0/bpRNA_CRW_28393.bpseq
TS0/bpRNA_CRW_28422.bpseq
TS0/bpRNA_CRW_28533.bpseq
TS0/bpRNA_CRW_28652.bpseq
TS0/bpRNA_CRW_28735.bpseq
TS0/bpRNA_CRW_28926.bpseq
TS0/bpRNA_CRW_28984.bpseq
TS0/bpRNA_CRW_29003.bpseq
TS0/bpRNA_CRW_29015.bpseq
TS0/bpRNA_CRW_29470.bpseq
TS0/bpRNA_CRW_29631.bpseq
TS0/bpRNA_CRW_29916.bpseq
TS0/bpRNA_CRW_30579.bpseq
TS0/bpRNA_CRW_30711.bpseq
TS0/bpRNA_CRW_30722.bpseq
TS0/bpRNA_CRW_30882.bpseq
TS0/bpRNA_CRW_30906.bpseq
TS0/bpRNA_CRW_30983.bpseq
TS0/bpRNA_CRW_30987.bpseq
TS0/bpRNA_CRW_31097.bpseq
TS0/bpRNA_CRW_31436.bpseq
TS0/bpRNA_CRW_31704.bpseq
TS0/bpRNA_CRW_31722.bpseq
TS0/bpRNA_CRW_32354.bpseq
TS0/bpRNA_CRW_32615.bpseq
TS0/bpRNA_CRW_33861.bpseq
TS0/bpRNA_CRW_34713.bpseq
TS0/bpRNA_CRW_35598.bpseq
TS0/bpRNA_CRW_35692.bpseq
TS0/bpRNA_CRW_36793.bpseq
TS0/bpRNA_CRW_39480.bpseq
TS0/bpRNA_CRW_40386.bpseq
TS0/bpRNA_CRW_41231.bpseq
TS0/bpRNA_CRW_41711.bpseq
TS0/bpRNA_CRW_42243.bpseq
TS0/bpRNA_CRW_42293.bpseq
TS0/bpRNA_CRW_42692.bpseq
TS0/bpRNA_CRW_43050.bpseq
TS0/bpRNA_CRW_43191.bpseq
TS0/bpRNA_CRW_43243.bpseq
TS0/bpRNA_CRW_43257.bpseq
TS0/bpRNA_CRW_43271.bpseq
TS0/bpRNA_CRW_43385.bpseq
TS0/bpRNA_CRW_43565.bpseq
TS0/bpRNA_CRW_43649.bpseq
TS0/bpRNA_CRW_43758.bpseq
TS0/bpRNA_CRW_44001.bpseq
TS0/bpRNA_CRW_52127.bpseq
TS0/bpRNA_CRW_52449.bpseq
TS0/bpRNA_CRW_52450.bpseq
TS0/bpRNA_CRW_52953.bpseq
TS0/bpRNA_CRW_53219.bpseq
TS0/bpRNA_CRW_53705.bpseq
TS0/bpRNA_CRW_53777.bpseq
TS0/bpRNA_CRW_54070.bpseq
TS0/bpRNA_CRW_54147.bpseq
TS0/bpRNA_CRW_54323.bpseq
TS0/bpRNA_CRW_54546.bpseq
TS0/bpRNA_CRW_54562.bpseq
TS0/bpRNA_CRW_54567.bpseq
TS0/bpRNA_CRW_54597.bpseq
TS0/bpRNA_CRW_54599.bpseq
TS0/bpRNA_CRW_54605.bpseq
TS0/bpRNA_CRW_54624.bpseq
TS0/bpRNA_CRW_54646.bpseq
TS0/bpRNA_CRW_54745.bpseq
TS0/bpRNA_CRW_55427.bpseq
TS0/bpRNA_CRW_55438.bpseq
TS0/bpRNA_CRW_8505.bpseq
TS0/bpRNA_CRW_8538.bpseq
TS0/bpRNA_RFAM_10.bpseq
TS0/bpRNA_RFAM_10084.bpseq
TS0/bpRNA_RFAM_101.bpseq
TS0/bpRNA_RFAM_10103.bpseq
TS0/bpRNA_RFAM_10243.bpseq
TS0/bpRNA_RFAM_10263.bpseq
TS0/bpRNA_RFAM_10305.bpseq
TS0/bpRNA_RFAM_10379.bpseq
TS0/bpRNA_RFAM_10396.bpseq
TS0/bpRNA_RFAM_10425.bpseq
TS0/bpRNA_RFAM_1049.bpseq
TS0/bpRNA_RFAM_10508.bpseq
TS0/bpRNA_RFAM_10509.bpseq
TS0/bpRNA_RFAM_10555.bpseq
TS0/bpRNA_RFAM_10556.bpseq
TS0/bpRNA_RFAM_10560.bpseq
TS0/bpRNA_RFAM_10571.bpseq
TS0/bpRNA_RFAM_10600.bpseq
TS0/bpRNA_RFAM_10621.bpseq
TS0/bpRNA_RFAM_10644.bpseq
TS0/bpRNA_RFAM_10710.bpseq
TS0/bpRNA_RFAM_1072.bpseq
TS0/bpRNA_RFAM_10720.bpseq
TS0/bpRNA_RFAM_10749.bpseq
TS0/bpRNA_RFAM_10774.bpseq
TS0/bpRNA_RFAM_10779.bpseq
TS0/bpRNA_RFAM_10869.bpseq
TS0/bpRNA_RFAM_10893.bpseq
TS0/bpRNA_RFAM_10951.bpseq
TS0/bpRNA_RFAM_11056.bpseq
TS0/bpRNA_RFAM_11088.bpseq
TS0/bpRNA_RFAM_11103.bpseq
TS0/bpRNA_RFAM_11176.bpseq
TS0/bpRNA_RFAM_11250.bpseq
TS0/bpRNA_RFAM_11339.bpseq
TS0/bpRNA_RFAM_11392.bpseq
TS0/bpRNA_RFAM_11557.bpseq
TS0/bpRNA_RFAM_11638.bpseq
TS0/bpRNA_RFAM_11679.bpseq
TS0/bpRNA_RFAM_1170.bpseq
TS0/bpRNA_RFAM_11713.bpseq
TS0/bpRNA_RFAM_11730.bpseq
TS0/bpRNA_RFAM_11766.bpseq
TS0/bpRNA_RFAM_1177.bpseq
TS0/bpRNA_RFAM_11817.bpseq
TS0/bpRNA_RFAM_11840.bpseq
TS0/bpRNA_RFAM_11843.bpseq
TS0/bpRNA_RFAM_11948.bpseq
TS0/bpRNA_RFAM_11955.bpseq
TS0/bpRNA_RFAM_11966.bpseq
TS0/bpRNA_RFAM_12002.bpseq
TS0/bpRNA_RFAM_12054.bpseq
TS0/bpRNA_RFAM_12084.bpseq
TS0/bpRNA_RFAM_12095.bpseq
TS0/bpRNA_RFAM_12137.bpseq
TS0/bpRNA_RFAM_12177.bpseq
TS0/bpRNA_RFAM_12220.bpseq
TS0/bpRNA_RFAM_12253.bpseq
TS0/bpRNA_RFAM_12293.bpseq
TS0/bpRNA_RFAM_12337.bpseq
TS0/bpRNA_RFAM_1243.bpseq
TS0/bpRNA_RFAM_12462.bpseq
TS0/bpRNA_RFAM_12780.bpseq
TS0/bpRNA_RFAM_12781.bpseq
TS0/bpRNA_RFAM_12784.bpseq
TS0/bpRNA_RFAM_12790.bpseq
TS0/bpRNA_RFAM_12799.bpseq
TS0/bpRNA_RFAM_12829.bpseq
TS0/bpRNA_RFAM_12833.bpseq
TS0/bpRNA_RFAM_12851.bpseq
TS0/bpRNA_RFAM_12856.bpseq
TS0/bpRNA_RFAM_12885.bpseq
TS0/bpRNA_RFAM_12914.bpseq
TS0/bpRNA_RFAM_12960.bpseq
TS0/bpRNA_RFAM_1298.bpseq
TS0/bpRNA_RFAM_12985.bpseq
TS0/bpRNA_RFAM_12995.bpseq
TS0/bpRNA_RFAM_13005.bpseq
TS0/bpRNA_RFAM_13006.bpseq
TS0/bpRNA_RFAM_13033.bpseq
TS0/bpRNA_RFAM_1318.bpseq
TS0/bpRNA_RFAM_13310.bpseq
TS0/bpRNA_RFAM_13334.bpseq
TS0/bpRNA_RFAM_1334.bpseq
TS0/bpRNA_RFAM_13342.bpseq
TS0/bpRNA_RFAM_1339.bpseq
TS0/bpRNA_RFAM_13474.bpseq
TS0/bpRNA_RFAM_1349.bpseq
TS0/bpRNA_RFAM_13495.bpseq
TS0/bpRNA_RFAM_13610.bpseq
TS0/bpRNA_RFAM_1364.bpseq
TS0/bpRNA_RFAM_13643.bpseq
TS0/bpRNA_RFAM_13647.bpseq
TS0/bpRNA_RFAM_13685.bpseq
TS0/bpRNA_RFAM_13722.bpseq
TS0/bpRNA_RFAM_13735.bpseq
TS0/bpRNA_RFAM_13738.bpseq
TS0/bpRNA_RFAM_13745.bpseq
TS0/bpRNA_RFAM_13772.bpseq
TS0/bpRNA_RFAM_13841.bpseq
TS0/bpRNA_RFAM_13854.bpseq
TS0/bpRNA_RFAM_13925.bpseq
TS0/bpRNA_RFAM_13954.bpseq
TS0/bpRNA_RFAM_13965.bpseq
TS0/bpRNA_RFAM_14030.bpseq
TS0/bpRNA_RFAM_14056.bpseq
TS0/bpRNA_RFAM_14088.bpseq
TS0/bpRNA_RFAM_141.bpseq
TS0/bpRNA_RFAM_14172.bpseq
TS0/bpRNA_RFAM_14204.bpseq
TS0/bpRNA_RFAM_14208.bpseq
TS0/bpRNA_RFAM_14269.bpseq
TS0/bpRNA_RFAM_14369.bpseq
TS0/bpRNA_RFAM_14381.bpseq
TS0/bpRNA_RFAM_14383.bpseq
TS0/bpRNA_RFAM_14474.bpseq
TS0/bpRNA_RFAM_14476.bpseq
TS0/bpRNA_RFAM_14497.bpseq
TS0/bpRNA_RFAM_14510.bpseq
TS0/bpRNA_RFAM_14568.bpseq
TS0/bpRNA_RFAM_14635.bpseq
TS0/bpRNA_RFAM_14673.bpseq
TS0/bpRNA_RFAM_14681.bpseq
TS0/bpRNA_RFAM_14689.bpseq
TS0/bpRNA_RFAM_14714.bpseq
TS0/bpRNA_RFAM_14719.bpseq
TS0/bpRNA_RFAM_14765.bpseq
TS0/bpRNA_RFAM_14771.bpseq
TS0/bpRNA_RFAM_1483.bpseq
TS0/bpRNA_RFAM_15065.bpseq
TS0/bpRNA_RFAM_15087.bpseq
TS0/bpRNA_RFAM_1516.bpseq
TS0/bpRNA_RFAM_15323.bpseq
TS0/bpRNA_RFAM_15339.bpseq
TS0/bpRNA_RFAM_15356.bpseq
TS0/bpRNA_RFAM_15371.bpseq
TS0/bpRNA_RFAM_15382.bpseq
TS0/bpRNA_RFAM_15485.bpseq
TS0/bpRNA_RFAM_15486.bpseq
TS0/bpRNA_RFAM_15534.bpseq
TS0/bpRNA_RFAM_15563.bpseq
TS0/bpRNA_RFAM_15570.bpseq
TS0/bpRNA_RFAM_15583.bpseq
TS0/bpRNA_RFAM_15588.bpseq
TS0/bpRNA_RFAM_15608.bpseq
TS0/bpRNA_RFAM_15616.bpseq
TS0/bpRNA_RFAM_1569.bpseq
TS0/bpRNA_RFAM_1570.bpseq
TS0/bpRNA_RFAM_15706.bpseq
TS0/bpRNA_RFAM_15709.bpseq
TS0/bpRNA_RFAM_15727.bpseq
TS0/bpRNA_RFAM_15745.bpseq
TS0/bpRNA_RFAM_15769.bpseq
TS0/bpRNA_RFAM_15770.bpseq
TS0/bpRNA_RFAM_15819.bpseq
TS0/bpRNA_RFAM_15910.bpseq
TS0/bpRNA_RFAM_15943.bpseq
TS0/bpRNA_RFAM_15983.bpseq
TS0/bpRNA_RFAM_160.bpseq
TS0/bpRNA_RFAM_16001.bpseq
TS0/bpRNA_RFAM_16130.bpseq
TS0/bpRNA_RFAM_1614.bpseq
TS0/bpRNA_RFAM_16184.bpseq
TS0/bpRNA_RFAM_16197.bpseq
TS0/bpRNA_RFAM_16285.bpseq
TS0/bpRNA_RFAM_16334.bpseq
TS0/bpRNA_RFAM_16359.bpseq
TS0/bpRNA_RFAM_16466.bpseq
TS0/bpRNA_RFAM_1650.bpseq
TS0/bpRNA_RFAM_16526.bpseq
TS0/bpRNA_RFAM_16548.bpseq
TS0/bpRNA_RFAM_16599.bpseq
TS0/bpRNA_RFAM_16638.bpseq
TS0/bpRNA_RFAM_16655.bpseq
TS0/bpRNA_RFAM_16668.bpseq
TS0/bpRNA_RFAM_16699.bpseq
TS0/bpRNA_RFAM_16704.bpseq
TS0/bpRNA_RFAM_16741.bpseq
TS0/bpRNA_RFAM_16808.bpseq
TS0/bpRNA_RFAM_16828.bpseq
TS0/bpRNA_RFAM_16845.bpseq
TS0/bpRNA_RFAM_1686.bpseq
TS0/bpRNA_RFAM_16873.bpseq
TS0/bpRNA_RFAM_1688.bpseq
TS0/bpRNA_RFAM_16889.bpseq
TS0/bpRNA_RFAM_16899.bpseq
TS0/bpRNA_RFAM_16915.bpseq
TS0/bpRNA_RFAM_16961.bpseq
TS0/bpRNA_RFAM_16976.bpseq
TS0/bpRNA_RFAM_16983.bpseq
TS0/bpRNA_RFAM_17009.bpseq
TS0/bpRNA_RFAM_17013.bpseq
TS0/bpRNA_RFAM_17049.bpseq
TS0/bpRNA_RFAM_1706.bpseq
TS0/bpRNA_RFAM_17074.bpseq
TS0/bpRNA_RFAM_17079.bpseq
TS0/bpRNA_RFAM_17136.bpseq
TS0/bpRNA_RFAM_1727.bpseq
TS0/bpRNA_RFAM_17317.bpseq
TS0/bpRNA_RFAM_17325.bpseq
TS0/bpRNA_RFAM_17358.bpseq
TS0/bpRNA_RFAM_17374.bpseq
TS0/bpRNA_RFAM_17436.bpseq
TS0/bpRNA_RFAM_17438.bpseq
TS0/bpRNA_RFAM_1753.bpseq
TS0/bpRNA_RFAM_17567.bpseq
TS0/bpRNA_RFAM_17782.bpseq
TS0/bpRNA_RFAM_17799.bpseq
TS0/bpRNA_RFAM_1783.bpseq
TS0/bpRNA_RFAM_1793.bpseq
TS0/bpRNA_RFAM_17930.bpseq
TS0/bpRNA_RFAM_17957.bpseq
TS0/bpRNA_RFAM_18003.bpseq
TS0/bpRNA_RFAM_18136.bpseq
TS0/bpRNA_RFAM_18140.bpseq
TS0/bpRNA_RFAM_18195.bpseq
TS0/bpRNA_RFAM_18263.bpseq
TS0/bpRNA_RFAM_18325.bpseq
TS0/bpRNA_RFAM_1839.bpseq
TS0/bpRNA_RFAM_18409.bpseq
TS0/bpRNA_RFAM_18415.bpseq
TS0/bpRNA_RFAM_18433.bpseq
TS0/bpRNA_RFAM_18477.bpseq
TS0/bpRNA_RFAM_18510.bpseq
TS0/bpRNA_RFAM_18515.bpseq
TS0/bpRNA_RFAM_18517.bpseq
TS0/bpRNA_RFAM_18594.bpseq
TS0/bpRNA_RFAM_18619.bpseq
TS0/bpRNA_RFAM_1862.bpseq
TS0/bpRNA_RFAM_18622.bpseq
TS0/bpRNA_RFAM_18669.bpseq
TS0/bpRNA_RFAM_18679.bpseq
TS0/bpRNA_RFAM_18686.bpseq
TS0/bpRNA_RFAM_18692.bpseq
TS0/bpRNA_RFAM_18693.bpseq
TS0/bpRNA_RFAM_18698.bpseq
TS0/bpRNA_RFAM_1870.bpseq
TS0/bpRNA_RFAM_18726.bpseq
TS0/bpRNA_RFAM_1876.bpseq
TS0/bpRNA_RFAM_18802.bpseq
TS0/bpRNA_RFAM_18809.bpseq
TS0/bpRNA_RFAM_18822.bpseq
TS0/bpRNA_RFAM_18827.bpseq
TS0/bpRNA_RFAM_18857.bpseq
TS0/bpRNA_RFAM_18876.bpseq
TS0/bpRNA_RFAM_18877.bpseq
TS0/bpRNA_RFAM_18882.bpseq
TS0/bpRNA_RFAM_18893.bpseq
TS0/bpRNA_RFAM_18894.bpseq
TS0/bpRNA_RFAM_18935.bpseq
TS0/bpRNA_RFAM_18942.bpseq
TS0/bpRNA_RFAM_18946.bpseq
TS0/bpRNA_RFAM_18949.bpseq
TS0/bpRNA_RFAM_18958.bpseq
TS0/bpRNA_RFAM_18979.bpseq
TS0/bpRNA_RFAM_18988.bpseq
TS0/bpRNA_RFAM_19015.bpseq
TS0/bpRNA_RFAM_19017.bpseq
TS0/bpRNA_RFAM_19027.bpseq
TS0/bpRNA_RFAM_19065.bpseq
TS0/bpRNA_RFAM_19069.bpseq
TS0/bpRNA_RFAM_1908.bpseq
TS0/bpRNA_RFAM_19085.bpseq
TS0/bpRNA_RFAM_19138.bpseq
TS0/bpRNA_RFAM_19246.bpseq
TS0/bpRNA_RFAM_19247.bpseq
TS0/bpRNA_RFAM_19252.bpseq
TS0/bpRNA_RFAM_19311.bpseq
TS0/bpRNA_RFAM_19322.bpseq
TS0/bpRNA_RFAM_19331.bpseq
TS0/bpRNA_RFAM_1935.bpseq
TS0/bpRNA_RFAM_19371.bpseq
TS0/bpRNA_RFAM_1940.bpseq
TS0/bpRNA_RFAM_19497.bpseq
TS0/bpRNA_RFAM_19574.bpseq
TS0/bpRNA_RFAM_19635.bpseq
TS0/bpRNA_RFAM_19667.bpseq
TS0/bpRNA_RFAM_19691.bpseq
TS0/bpRNA_RFAM_19700.bpseq
TS0/bpRNA_RFAM_19701.bpseq
TS0/bpRNA_RFAM_19780.bpseq
TS0/bpRNA_RFAM_19839.bpseq
TS0/bpRNA_RFAM_19840.bpseq
TS0/bpRNA_RFAM_19853.bpseq
TS0/bpRNA_RFAM_19862.bpseq
TS0/bpRNA_RFAM_19890.bpseq
TS0/bpRNA_RFAM_19896.bpseq
TS0/bpRNA_RFAM_19922.bpseq
TS0/bpRNA_RFAM_19923.bpseq
TS0/bpRNA_RFAM_2001.bpseq
TS0/bpRNA_RFAM_20013.bpseq
TS0/bpRNA_RFAM_2002.bpseq
TS0/bpRNA_RFAM_20069.bpseq
TS0/bpRNA_RFAM_20079.bpseq
TS0/bpRNA_RFAM_2008.bpseq
TS0/bpRNA_RFAM_2012.bpseq
TS0/bpRNA_RFAM_20128.bpseq
TS0/bpRNA_RFAM_20180.bpseq
TS0/bpRNA_RFAM_20198.bpseq
TS0/bpRNA_RFAM_2021.bpseq
TS0/bpRNA_RFAM_20221.bpseq
TS0/bpRNA_RFAM_20224.bpseq
TS0/bpRNA_RFAM_20284.bpseq
TS0/bpRNA_RFAM_20306.bpseq
TS0/bpRNA_RFAM_20356.bpseq
TS0/bpRNA_RFAM_20385.bpseq
TS0/bpRNA_RFAM_2049.bpseq
TS0/bpRNA_RFAM_20505.bpseq
TS0/bpRNA_RFAM_20546.bpseq
TS0/bpRNA_RFAM_2056.bpseq
TS0/bpRNA_RFAM_20573.bpseq
TS0/bpRNA_RFAM_20592.bpseq
TS0/bpRNA_RFAM_20621.bpseq
TS0/bpRNA_RFAM_20652.bpseq
TS0/bpRNA_RFAM_20703.bpseq
TS0/bpRNA_RFAM_20711.bpseq
TS0/bpRNA_RFAM_20729.bpseq
TS0/bpRNA_RFAM_2076.bpseq
TS0/bpRNA_RFAM_20785.bpseq
TS0/bpRNA_RFAM_20791.bpseq
TS0/bpRNA_RFAM_20814.bpseq
TS0/bpRNA_RFAM_20896.bpseq
TS0/bpRNA_RFAM_20916.bpseq
TS0/bpRNA_RFAM_21021.bpseq
TS0/bpRNA_RFAM_21053.bpseq
TS0/bpRNA_RFAM_21055.bpseq
TS0/bpRNA_RFAM_21060.bpseq
TS0/bpRNA_RFAM_21068.bpseq
TS0/bpRNA_RFAM_21093.bpseq
TS0/bpRNA_RFAM_21156.bpseq
TS0/bpRNA_RFAM_21157.bpseq
TS0/bpRNA_RFAM_21162.bpseq
TS0/bpRNA_RFAM_21203.bpseq
TS0/bpRNA_RFAM_21216.bpseq
TS0/bpRNA_RFAM_21238.bpseq
TS0/bpRNA_RFAM_21241.bpseq
TS0/bpRNA_RFAM_21276.bpseq
TS0/bpRNA_RFAM_21279.bpseq
TS0/bpRNA_RFAM_21294.bpseq
TS0/bpRNA_RFAM_21323.bpseq
TS0/bpRNA_RFAM_21346.bpseq
TS0/bpRNA_RFAM_21383.bpseq
TS0/bpRNA_RFAM_21421.bpseq
TS0/bpRNA_RFAM_21434.bpseq
TS0/bpRNA_RFAM_21437.bpseq
TS0/bpRNA_RFAM_21486.bpseq
TS0/bpRNA_RFAM_21498.bpseq
TS0/bpRNA_RFAM_21526.bpseq
TS0/bpRNA_RFAM_21540.bpseq
TS0/bpRNA_RFAM_21545.bpseq
TS0/bpRNA_RFAM_21554.bpseq
TS0/bpRNA_RFAM_21584.bpseq
TS0/bpRNA_RFAM_21587.bpseq
TS0/bpRNA_RFAM_21590.bpseq
TS0/bpRNA_RFAM_21591.bpseq
TS0/bpRNA_RFAM_21619.bpseq
TS0/bpRNA_RFAM_21625.bpseq
TS0/bpRNA_RFAM_21683.bpseq
TS0/bpRNA_RFAM_21697.bpseq
TS0/bpRNA_RFAM_21773.bpseq
TS0/bpRNA_RFAM_21830.bpseq
TS0/bpRNA_RFAM_21832.bpseq
TS0/bpRNA_RFAM_21839.bpseq
TS0/bpRNA_RFAM_21857.bpseq
TS0/bpRNA_RFAM_21938.bpseq
TS0/bpRNA_RFAM_21943.bpseq
TS0/bpRNA_RFAM_22008.bpseq
TS0/bpRNA_RFAM_22044.bpseq
TS0/bpRNA_RFAM_22060.bpseq
TS0/bpRNA_RFAM_22136.bpseq
TS0/bpRNA_RFAM_22188.bpseq
TS0/bpRNA_RFAM_22230.bpseq
TS0/bpRNA_RFAM_2225.bpseq
TS0/bpRNA_RFAM_22284.bpseq
TS0/bpRNA_RFAM_22301.bpseq
TS0/bpRNA_RFAM_22311.bpseq
TS0/bpRNA_RFAM_22328.bpseq
TS0/bpRNA_RFAM_22343.bpseq
TS0/bpRNA_RFAM_22354.bpseq
TS0/bpRNA_RFAM_22368.bpseq
TS0/bpRNA_RFAM_22421.bpseq
TS0/bpRNA_RFAM_22456.bpseq
TS0/bpRNA_RFAM_22485.bpseq
TS0/bpRNA_RFAM_22487.bpseq
TS0/bpRNA_RFAM_22502.bpseq
TS0/bpRNA_RFAM_22534.bpseq
TS0/bpRNA_RFAM_22556.bpseq
TS0/bpRNA_RFAM_22657.bpseq
TS0/bpRNA_RFAM_22684.bpseq
TS0/bpRNA_RFAM_22730.bpseq
TS0/bpRNA_RFAM_2274.bpseq
TS0/bpRNA_RFAM_22746.bpseq
TS0/bpRNA_RFAM_22902.bpseq
TS0/bpRNA_RFAM_22909.bpseq
TS0/bpRNA_RFAM_22913.bpseq
TS0/bpRNA_RFAM_22914.bpseq
TS0/bpRNA_RFAM_22924.bpseq
TS0/bpRNA_RFAM_22941.bpseq
TS0/bpRNA_RFAM_22967.bpseq
TS0/bpRNA_RFAM_22988.bpseq
TS0/bpRNA_RFAM_23002.bpseq
TS0/bpRNA_RFAM_23022.bpseq
TS0/bpRNA_RFAM_2306.bpseq
TS0/bpRNA_RFAM_23075.bpseq
TS0/bpRNA_RFAM_23193.bpseq
TS0/bpRNA_RFAM_23201.bpseq
TS0/bpRNA_RFAM_23233.bpseq
TS0/bpRNA_RFAM_23266.bpseq
TS0/bpRNA_RFAM_23293.bpseq
TS0/bpRNA_RFAM_23404.bpseq
TS0/bpRNA_RFAM_23450.bpseq
TS0/bpRNA_RFAM_23463.bpseq
TS0/bpRNA_RFAM_23518.bpseq
TS0/bpRNA_RFAM_2399.bpseq
TS0/bpRNA_RFAM_23990.bpseq
TS0/bpRNA_RFAM_2400.bpseq
TS0/bpRNA_RFAM_24005.bpseq
TS0/bpRNA_RFAM_24050.bpseq
TS0/bpRNA_RFAM_24071.bpseq
TS0/bpRNA_RFAM_24166.bpseq
TS0/bpRNA_RFAM_2417.bpseq
TS0/bpRNA_RFAM_24257.bpseq
TS0/bpRNA_RFAM_24262.bpseq
TS0/bpRNA_RFAM_24274.bpseq
TS0/bpRNA_RFAM_24303.bpseq
TS0/bpRNA_RFAM_24306.bpseq
TS0/bpRNA_RFAM_24366.bpseq
TS0/bpRNA_RFAM_24370.bpseq
TS0/bpRNA_RFAM_24371.bpseq
TS0/bpRNA_RFAM_24399.bpseq
TS0/bpRNA_RFAM_24439.bpseq
TS0/bpRNA_RFAM_24472.bpseq
TS0/bpRNA_RFAM_24503.bpseq
TS0/bpRNA_RFAM_24578.bpseq
TS0/bpRNA_RFAM_24586.bpseq
TS0/bpRNA_RFAM_24640.bpseq
TS0/bpRNA_RFAM_24642.bpseq
TS0/bpRNA_RFAM_24645.bpseq
TS0/bpRNA_RFAM_24706.bpseq
TS0/bpRNA_RFAM_24717.bpseq
TS0/bpRNA_RFAM_24722.bpseq
TS0/bpRNA_RFAM_24732.bpseq
TS0/bpRNA_RFAM_24804.bpseq
TS0/bpRNA_RFAM_24906.bpseq
TS0/bpRNA_RFAM_24926.bpseq
TS0/bpRNA_RFAM_24930.bpseq
TS0/bpRNA_RFAM_24933.bpseq
TS0/bpRNA_RFAM_24956.bpseq
TS0/bpRNA_RFAM_24975.bpseq
TS0/bpRNA_RFAM_24976.bpseq
TS0/bpRNA_RFAM_24987.bpseq
TS0/bpRNA_RFAM_25043.bpseq
TS0/bpRNA_RFAM_25063.bpseq
TS0/bpRNA_RFAM_25069.bpseq
TS0/bpRNA_RFAM_25088.bpseq
TS0/bpRNA_RFAM_2509.bpseq
TS0/bpRNA_RFAM_25106.bpseq
TS0/bpRNA_RFAM_25159.bpseq
TS0/bpRNA_RFAM_25233.bpseq
TS0/bpRNA_RFAM_25285.bpseq
TS0/bpRNA_RFAM_25341.bpseq
TS0/bpRNA_RFAM_25360.bpseq
TS0/bpRNA_RFAM_25403.bpseq
TS0/bpRNA_RFAM_25419.bpseq
TS0/bpRNA_RFAM_25434.bpseq
TS0/bpRNA_RFAM_25531.bpseq
TS0/bpRNA_RFAM_25543.bpseq
TS0/bpRNA_RFAM_25556.bpseq
TS0/bpRNA_RFAM_25623.bpseq
TS0/bpRNA_RFAM_25624.bpseq
TS0/bpRNA_RFAM_25637.bpseq
TS0/bpRNA_RFAM_25658.bpseq
TS0/bpRNA_RFAM_25666.bpseq
TS0/bpRNA_RFAM_2568.bpseq
TS0/bpRNA_RFAM_25828.bpseq
TS0/bpRNA_RFAM_2585.bpseq
TS0/bpRNA_RFAM_25850.bpseq
TS0/bpRNA_RFAM_25865.bpseq
TS0/bpRNA_RFAM_25874.bpseq
TS0/bpRNA_RFAM_2589.bpseq
TS0/bpRNA_RFAM_25893.bpseq
TS0/bpRNA_RFAM_25908.bpseq
TS0/bpRNA_RFAM_25922.bpseq
TS0/bpRNA_RFAM_25948.bpseq
TS0/bpRNA_RFAM_2595.bpseq
TS0/bpRNA_RFAM_25969.bpseq
TS0/bpRNA_RFAM_2598.bpseq
TS0/bpRNA_RFAM_26006.bpseq
TS0/bpRNA_RFAM_26067.bpseq
TS0/bpRNA_RFAM_26071.bpseq
TS0/bpRNA_RFAM_2614.bpseq
TS0/bpRNA_RFAM_26224.bpseq
TS0/bpRNA_RFAM_2623.bpseq
TS0/bpRNA_RFAM_26243.bpseq
TS0/bpRNA_RFAM_26260.bpseq
TS0/bpRNA_RFAM_26283.bpseq
TS0/bpRNA_RFAM_26295.bpseq
TS0/bpRNA_RFAM_26301.bpseq
TS0/bpRNA_RFAM_26302.bpseq
TS0/bpRNA_RFAM_26319.bpseq
TS0/bpRNA_RFAM_26329.bpseq
TS0/bpRNA_RFAM_26330.bpseq
TS0/bpRNA_RFAM_26347.bpseq
TS0/bpRNA_RFAM_26363.bpseq
TS0/bpRNA_RFAM_2637.bpseq
TS0/bpRNA_RFAM_26418.bpseq
TS0/bpRNA_RFAM_26422.bpseq
TS0/bpRNA_RFAM_26493.bpseq
TS0/bpRNA_RFAM_26525.bpseq
TS0/bpRNA_RFAM_26555.bpseq
TS0/bpRNA_RFAM_26568.bpseq
TS0/bpRNA_RFAM_26606.bpseq
TS0/bpRNA_RFAM_26614.bpseq
TS0/bpRNA_RFAM_26671.bpseq
TS0/bpRNA_RFAM_26683.bpseq
TS0/bpRNA_RFAM_26695.bpseq
TS0/bpRNA_RFAM_26708.bpseq
TS0/bpRNA_RFAM_26735.bpseq
TS0/bpRNA_RFAM_26743.bpseq
TS0/bpRNA_RFAM_26744.bpseq
TS0/bpRNA_RFAM_26745.bpseq
TS0/bpRNA_RFAM_26751.bpseq
TS0/bpRNA_RFAM_26811.bpseq
TS0/bpRNA_RFAM_26818.bpseq
TS0/bpRNA_RFAM_26824.bpseq
TS0/bpRNA_RFAM_26828.bpseq
TS0/bpRNA_RFAM_2685.bpseq
TS0/bpRNA_RFAM_26881.bpseq
TS0/bpRNA_RFAM_26900.bpseq
TS0/bpRNA_RFAM_26926.bpseq
TS0/bpRNA_RFAM_26929.bpseq
TS0/bpRNA_RFAM_26949.bpseq
TS0/bpRNA_RFAM_26954.bpseq
TS0/bpRNA_RFAM_26979.bpseq
TS0/bpRNA_RFAM_26981.bpseq
TS0/bpRNA_RFAM_26989.bpseq
TS0/bpRNA_RFAM_27001.bpseq
TS0/bpRNA_RFAM_27025.bpseq
TS0/bpRNA_RFAM_2703.bpseq
TS0/bpRNA_RFAM_27096.bpseq
TS0/bpRNA_RFAM_27098.bpseq
TS0/bpRNA_RFAM_27111.bpseq
TS0/bpRNA_RFAM_27145.bpseq
TS0/bpRNA_RFAM_27159.bpseq
TS0/bpRNA_RFAM_27160.bpseq
TS0/bpRNA_RFAM_2720.bpseq
TS0/bpRNA_RFAM_27208.bpseq
TS0/bpRNA_RFAM_2722.bpseq
TS0/bpRNA_RFAM_27221.bpseq
TS0/bpRNA_RFAM_27237.bpseq
TS0/bpRNA_RFAM_27311.bpseq
TS0/bpRNA_RFAM_27358.bpseq
TS0/bpRNA_RFAM_27365.bpseq
TS0/bpRNA_RFAM_27414.bpseq
TS0/bpRNA_RFAM_27538.bpseq
TS0/bpRNA_RFAM_27563.bpseq
TS0/bpRNA_RFAM_27612.bpseq
TS0/bpRNA_RFAM_2763.bpseq
TS0/bpRNA_RFAM_27638.bpseq
TS0/bpRNA_RFAM_27709.bpseq
TS0/bpRNA_RFAM_27765.bpseq
TS0/bpRNA_RFAM_2786.bpseq
TS0/bpRNA_RFAM_27882.bpseq
TS0/bpRNA_RFAM_27884.bpseq
TS0/bpRNA_RFAM_27887.bpseq
TS0/bpRNA_RFAM_27946.bpseq
TS0/bpRNA_RFAM_27995.bpseq
TS0/bpRNA_RFAM_28014.bpseq
TS0/bpRNA_RFAM_28018.bpseq
TS0/bpRNA_RFAM_28033.bpseq
TS0/bpRNA_RFAM_28097.bpseq
TS0/bpRNA_RFAM_281.bpseq
TS0/bpRNA_RFAM_28143.bpseq
TS0/bpRNA_RFAM_28145.bpseq
TS0/bpRNA_RFAM_2828.bpseq
TS0/bpRNA_RFAM_28328.bpseq
TS0/bpRNA_RFAM_28353.bpseq
TS0/bpRNA_RFAM_28373.bpseq
TS0/bpRNA_RFAM_28378.bpseq
TS0/bpRNA_RFAM_28471.bpseq
TS0/bpRNA_RFAM_28490.bpseq
TS0/bpRNA_RFAM_28503.bpseq
TS0/bpRNA_RFAM_28532.bpseq
TS0/bpRNA_RFAM_28541.bpseq
TS0/bpRNA_RFAM_28564.bpseq
TS0/bpRNA_RFAM_28609.bpseq
TS0/bpRNA_RFAM_2861.bpseq
TS0/bpRNA_RFAM_28629.bpseq
TS0/bpRNA_RFAM_28632.bpseq
TS0/bpRNA_RFAM_28637.bpseq
TS0/bpRNA_RFAM_29020.bpseq
TS0/bpRNA_RFAM_29022.bpseq
TS0/bpRNA_RFAM_29053.bpseq
TS0/bpRNA_RFAM_29070.bpseq
TS0/bpRNA_RFAM_29080.bpseq
TS0/bpRNA_RFAM_29085.bpseq
TS0/bpRNA_RFAM_2952.bpseq
TS0/bpRNA_RFAM_2954.bpseq
TS0/bpRNA_RFAM_29546.bpseq
TS0/bpRNA_RFAM_29635.bpseq
TS0/bpRNA_RFAM_2970.bpseq
TS0/bpRNA_RFAM_2977.bpseq
TS0/bpRNA_RFAM_29792.bpseq
TS0/bpRNA_RFAM_29809.bpseq
TS0/bpRNA_RFAM_29836.bpseq
TS0/bpRNA_RFAM_2987.bpseq
TS0/bpRNA_RFAM_29894.bpseq
TS0/bpRNA_RFAM_29896.bpseq
TS0/bpRNA_RFAM_29915.bpseq
TS0/bpRNA_RFAM_29918.bpseq
TS0/bpRNA_RFAM_29984.bpseq
TS0/bpRNA_RFAM_30063.bpseq
TS0/bpRNA_RFAM_3009.bpseq
TS0/bpRNA_RFAM_30143.bpseq
TS0/bpRNA_RFAM_30226.bpseq
TS0/bpRNA_RFAM_30236.bpseq
TS0/bpRNA_RFAM_30280.bpseq
TS0/bpRNA_RFAM_3033.bpseq
TS0/bpRNA_RFAM_3041.bpseq
TS0/bpRNA_RFAM_30475.bpseq
TS0/bpRNA_RFAM_30527.bpseq
TS0/bpRNA_RFAM_30749.bpseq
TS0/bpRNA_RFAM_30768.bpseq
TS0/bpRNA_RFAM_30803.bpseq
TS0/bpRNA_RFAM_30805.bpseq
TS0/bpRNA_RFAM_30810.bpseq
TS0/bpRNA_RFAM_30812.bpseq
TS0/bpRNA_RFAM_3085.bpseq
TS0/bpRNA_RFAM_30886.bpseq
TS0/bpRNA_RFAM_30951.bpseq
TS0/bpRNA_RFAM_31005.bpseq
TS0/bpRNA_RFAM_3116.bpseq
TS0/bpRNA_RFAM_31200.bpseq
TS0/bpRNA_RFAM_31207.bpseq
TS0/bpRNA_RFAM_31223.bpseq
TS0/bpRNA_RFAM_31267.bpseq
TS0/bpRNA_RFAM_3130.bpseq
TS0/bpRNA_RFAM_31305.bpseq
TS0/bpRNA_RFAM_3131.bpseq
TS0/bpRNA_RFAM_31325.bpseq
TS0/bpRNA_RFAM_31456.bpseq
TS0/bpRNA_RFAM_31470.bpseq
TS0/bpRNA_RFAM_31482.bpseq
TS0/bpRNA_RFAM_31490.bpseq
TS0/bpRNA_RFAM_31524.bpseq
TS0/bpRNA_RFAM_31537.bpseq
TS0/bpRNA_RFAM_31541.bpseq
TS0/bpRNA_RFAM_31543.bpseq
TS0/bpRNA_RFAM_31580.bpseq
TS0/bpRNA_RFAM_316.bpseq
TS0/bpRNA_RFAM_31626.bpseq
TS0/bpRNA_RFAM_31648.bpseq
TS0/bpRNA_RFAM_31682.bpseq
TS0/bpRNA_RFAM_31775.bpseq
TS0/bpRNA_RFAM_31857.bpseq
TS0/bpRNA_RFAM_32058.bpseq
TS0/bpRNA_RFAM_32059.bpseq
TS0/bpRNA_RFAM_32064.bpseq
TS0/bpRNA_RFAM_32071.bpseq
TS0/bpRNA_RFAM_32073.bpseq
TS0/bpRNA_RFAM_32083.bpseq
TS0/bpRNA_RFAM_32087.bpseq
TS0/bpRNA_RFAM_3209.bpseq
TS0/bpRNA_RFAM_32126.bpseq
TS0/bpRNA_RFAM_32277.bpseq
TS0/bpRNA_RFAM_32679.bpseq
TS0/bpRNA_RFAM_32711.bpseq
TS0/bpRNA_RFAM_3286.bpseq
TS0/bpRNA_RFAM_33001.bpseq
TS0/bpRNA_RFAM_3308.bpseq
TS0/bpRNA_RFAM_33128.bpseq
TS0/bpRNA_RFAM_33284.bpseq
TS0/bpRNA_RFAM_33294.bpseq
TS0/bpRNA_RFAM_33313.bpseq
TS0/bpRNA_RFAM_3335.bpseq
TS0/bpRNA_RFAM_33408.bpseq
TS0/bpRNA_RFAM_33533.bpseq
TS0/bpRNA_RFAM_33588.bpseq
TS0/bpRNA_RFAM_33611.bpseq
TS0/bpRNA_RFAM_33614.bpseq
TS0/bpRNA_RFAM_33628.bpseq
TS0/bpRNA_RFAM_33646.bpseq
TS0/bpRNA_RFAM_33698.bpseq
TS0/bpRNA_RFAM_33732.bpseq
TS0/bpRNA_RFAM_33756.bpseq
TS0/bpRNA_RFAM_33775.bpseq
TS0/bpRNA_RFAM_3378.bpseq
TS0/bpRNA_RFAM_33803.bpseq
TS0/bpRNA_RFAM_33897.bpseq
TS0/bpRNA_RFAM_33959.bpseq
TS0/bpRNA_RFAM_33984.bpseq
TS0/bpRNA_RFAM_34027.bpseq
TS0/bpRNA_RFAM_3405.bpseq
TS0/bpRNA_RFAM_34079.bpseq
TS0/bpRNA_RFAM_34111.bpseq
TS0/bpRNA_RFAM_34132.bpseq
TS0/bpRNA_RFAM_34150.bpseq
TS0/bpRNA_RFAM_34152.bpseq
TS0/bpRNA_RFAM_34223.bpseq
TS0/bpRNA_RFAM_34301.bpseq
TS0/bpRNA_RFAM_34320.bpseq
TS0/bpRNA_RFAM_34332.bpseq
TS0/bpRNA_RFAM_34369.bpseq
TS0/bpRNA_RFAM_34397.bpseq
TS0/bpRNA_RFAM_34403.bpseq
TS0/bpRNA_RFAM_34421.bpseq
TS0/bpRNA_RFAM_34459.bpseq
TS0/bpRNA_RFAM_34523.bpseq
TS0/bpRNA_RFAM_34548.bpseq
TS0/bpRNA_RFAM_34557.bpseq
TS0/bpRNA_RFAM_34568.bpseq
TS0/bpRNA_RFAM_34572.bpseq
TS0/bpRNA_RFAM_34598.bpseq
TS0/bpRNA_RFAM_34653.bpseq
TS0/bpRNA_RFAM_34667.bpseq
TS0/bpRNA_RFAM_3467.bpseq
TS0/bpRNA_RFAM_34675.bpseq
TS0/bpRNA_RFAM_34719.bpseq
TS0/bpRNA_RFAM_34740.bpseq
TS0/bpRNA_RFAM_3477.bpseq
TS0/bpRNA_RFAM_34832.bpseq
TS0/bpRNA_RFAM_34891.bpseq
TS0/bpRNA_RFAM_34934.bpseq
TS0/bpRNA_RFAM_34968.bpseq
TS0/bpRNA_RFAM_35154.bpseq
TS0/bpRNA_RFAM_35168.bpseq
TS0/bpRNA_RFAM_3522.bpseq
TS0/bpRNA_RFAM_35232.bpseq
TS0/bpRNA_RFAM_35249.bpseq
TS0/bpRNA_RFAM_35392.bpseq
TS0/bpRNA_RFAM_35416.bpseq
TS0/bpRNA_RFAM_35435.bpseq
TS0/bpRNA_RFAM_35472.bpseq
TS0/bpRNA_RFAM_35475.bpseq
TS0/bpRNA_RFAM_35485.bpseq
TS0/bpRNA_RFAM_35511.bpseq
TS0/bpRNA_RFAM_35524.bpseq
TS0/bpRNA_RFAM_35551.bpseq
TS0/bpRNA_RFAM_35567.bpseq
TS0/bpRNA_RFAM_35571.bpseq
TS0/bpRNA_RFAM_35581.bpseq
TS0/bpRNA_RFAM_35590.bpseq
TS0/bpRNA_RFAM_35615.bpseq
TS0/bpRNA_RFAM_35632.bpseq
TS0/bpRNA_RFAM_35678.bpseq
TS0/bpRNA_RFAM_357.bpseq
TS0/bpRNA_RFAM_35704.bpseq
TS0/bpRNA_RFAM_35726.bpseq
TS0/bpRNA_RFAM_35736.bpseq
TS0/bpRNA_RFAM_35772.bpseq
TS0/bpRNA_RFAM_35834.bpseq
TS0/bpRNA_RFAM_35846.bpseq
TS0/bpRNA_RFAM_35939.bpseq
TS0/bpRNA_RFAM_35964.bpseq
TS0/bpRNA_RFAM_35976.bpseq
TS0/bpRNA_RFAM_35989.bpseq
TS0/bpRNA_RFAM_36017.bpseq
TS0/bpRNA_RFAM_36069.bpseq
TS0/bpRNA_RFAM_36102.bpseq
TS0/bpRNA_RFAM_3615.bpseq
TS0/bpRNA_RFAM_36169.bpseq
TS0/bpRNA_RFAM_362.bpseq
TS0/bpRNA_RFAM_3621.bpseq
TS0/bpRNA_RFAM_36234.bpseq
TS0/bpRNA_RFAM_36357.bpseq
TS0/bpRNA_RFAM_36422.bpseq
TS0/bpRNA_RFAM_36465.bpseq
TS0/bpRNA_RFAM_36483.bpseq
TS0/bpRNA_RFAM_36485.bpseq
TS0/bpRNA_RFAM_36491.bpseq
TS0/bpRNA_RFAM_36524.bpseq
TS0/bpRNA_RFAM_36585.bpseq
TS0/bpRNA_RFAM_36724.bpseq
TS0/bpRNA_RFAM_36732.bpseq
TS0/bpRNA_RFAM_36748.bpseq
TS0/bpRNA_RFAM_3675.bpseq
TS0/bpRNA_RFAM_36793.bpseq
TS0/bpRNA_RFAM_36798.bpseq
TS0/bpRNA_RFAM_3685.bpseq
TS0/bpRNA_RFAM_36905.bpseq
TS0/bpRNA_RFAM_3691.bpseq
TS0/bpRNA_RFAM_36951.bpseq
TS0/bpRNA_RFAM_37148.bpseq
TS0/bpRNA_RFAM_37225.bpseq
TS0/bpRNA_RFAM_37304.bpseq
TS0/bpRNA_RFAM_3732.bpseq
TS0/bpRNA_RFAM_37379.bpseq
TS0/bpRNA_RFAM_37401.bpseq
TS0/bpRNA_RFAM_37426.bpseq
TS0/bpRNA_RFAM_37436.bpseq
TS0/bpRNA_RFAM_37447.bpseq
TS0/bpRNA_RFAM_37473.bpseq
TS0/bpRNA_RFAM_3748.bpseq
TS0/bpRNA_RFAM_37487.bpseq
TS0/bpRNA_RFAM_37511.bpseq
TS0/bpRNA_RFAM_37528.bpseq
TS0/bpRNA_RFAM_37556.bpseq
TS0/bpRNA_RFAM_37599.bpseq
TS0/bpRNA_RFAM_37605.bpseq
TS0/bpRNA_RFAM_37659.bpseq
TS0/bpRNA_RFAM_37664.bpseq
TS0/bpRNA_RFAM_37668.bpseq
TS0/bpRNA_RFAM_37692.bpseq
TS0/bpRNA_RFAM_37721.bpseq
TS0/bpRNA_RFAM_37757.bpseq
TS0/bpRNA_RFAM_3777.bpseq
TS0/bpRNA_RFAM_37770.bpseq
TS0/bpRNA_RFAM_3778.bpseq
TS0/bpRNA_RFAM_37817.bpseq
TS0/bpRNA_RFAM_37831.bpseq
TS0/bpRNA_RFAM_37922.bpseq
TS0/bpRNA_RFAM_37924.bpseq
TS0/bpRNA_RFAM_37954.bpseq
TS0/bpRNA_RFAM_38013.bpseq
TS0/bpRNA_RFAM_38028.bpseq
TS0/bpRNA_RFAM_38083.bpseq
TS0/bpRNA_RFAM_38130.bpseq
TS0/bpRNA_RFAM_38133.bpseq
TS0/bpRNA_RFAM_38136.bpseq
TS0/bpRNA_RFAM_38141.bpseq
TS0/bpRNA_RFAM_38158.bpseq
TS0/bpRNA_RFAM_38200.bpseq
TS0/bpRNA_RFAM_38225.bpseq
TS0/bpRNA_RFAM_38288.bpseq
TS0/bpRNA_RFAM_38305.bpseq
TS0/bpRNA_RFAM_38307.bpseq
TS0/bpRNA_RFAM_38347.bpseq
TS0/bpRNA_RFAM_38350.bpseq
TS0/bpRNA_RFAM_38357.bpseq
TS0/bpRNA_RFAM_38360.bpseq
TS0/bpRNA_RFAM_38370.bpseq
TS0/bpRNA_RFAM_38381.bpseq
TS0/bpRNA_RFAM_38402.bpseq
TS0/bpRNA_RFAM_38453.bpseq
TS0/bpRNA_RFAM_38480.bpseq
TS0/bpRNA_RFAM_38509.bpseq
TS0/bpRNA_RFAM_38514.bpseq
TS0/bpRNA_RFAM_38525.bpseq
TS0/bpRNA_RFAM_38541.bpseq
TS0/bpRNA_RFAM_38600.bpseq
TS0/bpRNA_RFAM_38602.bpseq
TS0/bpRNA_RFAM_38634.bpseq
TS0/bpRNA_RFAM_38651.bpseq
TS0/bpRNA_RFAM_38678.bpseq
TS0/bpRNA_RFAM_38747.bpseq
TS0/bpRNA_RFAM_38824.bpseq
TS0/bpRNA_RFAM_38842.bpseq
TS0/bpRNA_RFAM_38847.bpseq
TS0/bpRNA_RFAM_38849.bpseq
TS0/bpRNA_RFAM_38870.bpseq
TS0/bpRNA_RFAM_38919.bpseq
TS0/bpRNA_RFAM_38923.bpseq
TS0/bpRNA_RFAM_38942.bpseq
TS0/bpRNA_RFAM_38970.bpseq
TS0/bpRNA_RFAM_38972.bpseq
TS0/bpRNA_RFAM_39035.bpseq
TS0/bpRNA_RFAM_39040.bpseq
TS0/bpRNA_RFAM_39085.bpseq
TS0/bpRNA_RFAM_39097.bpseq
TS0/bpRNA_RFAM_39694.bpseq
TS0/bpRNA_RFAM_39774.bpseq
TS0/bpRNA_RFAM_39809.bpseq
TS0/bpRNA_RFAM_39847.bpseq
TS0/bpRNA_RFAM_39884.bpseq
TS0/bpRNA_RFAM_39913.bpseq
TS0/bpRNA_RFAM_39922.bpseq
TS0/bpRNA_RFAM_39956.bpseq
TS0/bpRNA_RFAM_40020.bpseq
TS0/bpRNA_RFAM_40053.bpseq
TS0/bpRNA_RFAM_40155.bpseq
TS0/bpRNA_RFAM_40164.bpseq
TS0/bpRNA_RFAM_40170.bpseq
TS0/bpRNA_RFAM_40177.bpseq
TS0/bpRNA_RFAM_40203.bpseq
TS0/bpRNA_RFAM_40254.bpseq
TS0/bpRNA_RFAM_40295.bpseq
TS0/bpRNA_RFAM_40304.bpseq
TS0/bpRNA_RFAM_40305.bpseq
TS0/bpRNA_RFAM_40389.bpseq
TS0/bpRNA_RFAM_40428.bpseq
TS0/bpRNA_RFAM_40479.bpseq
TS0/bpRNA_RFAM_40517.bpseq
TS0/bpRNA_RFAM_4052.bpseq
TS0/bpRNA_RFAM_40544.bpseq
TS0/bpRNA_RFAM_40620.bpseq
TS0/bpRNA_RFAM_40694.bpseq
TS0/bpRNA_RFAM_40808.bpseq
TS0/bpRNA_RFAM_40869.bpseq
TS0/bpRNA_RFAM_40875.bpseq
TS0/bpRNA_RFAM_40890.bpseq
TS0/bpRNA_RFAM_40903.bpseq
TS0/bpRNA_RFAM_40910.bpseq
TS0/bpRNA_RFAM_40924.bpseq
TS0/bpRNA_RFAM_40925.bpseq
TS0/bpRNA_RFAM_40952.bpseq
TS0/bpRNA_RFAM_41135.bpseq
TS0/bpRNA_RFAM_41242.bpseq
TS0/bpRNA_RFAM_41254.bpseq
TS0/bpRNA_RFAM_41284.bpseq
TS0/bpRNA_RFAM_41304.bpseq
TS0/bpRNA_RFAM_41308.bpseq
TS0/bpRNA_RFAM_41348.bpseq
TS0/bpRNA_RFAM_41379.bpseq
TS0/bpRNA_RFAM_41387.bpseq
TS0/bpRNA_RFAM_41421.bpseq
TS0/bpRNA_RFAM_41439.bpseq
TS0/bpRNA_RFAM_41514.bpseq
TS0/bpRNA_RFAM_41528.bpseq
TS0/bpRNA_RFAM_41542.bpseq
TS0/bpRNA_RFAM_41545.bpseq
TS0/bpRNA_RFAM_41659.bpseq
TS0/bpRNA_RFAM_41689.bpseq
TS0/bpRNA_RFAM_41780.bpseq
TS0/bpRNA_RFAM_41786.bpseq
TS0/bpRNA_RFAM_41788.bpseq
TS0/bpRNA_RFAM_4182.bpseq
TS0/bpRNA_RFAM_41853.bpseq
TS0/bpRNA_RFAM_41927.bpseq
TS0/bpRNA_RFAM_41930.bpseq
TS0/bpRNA_RFAM_42027.bpseq
TS0/bpRNA_RFAM_42055.bpseq
TS0/bpRNA_RFAM_42099.bpseq
TS0/bpRNA_RFAM_42130.bpseq
TS0/bpRNA_RFAM_42169.bpseq
TS0/bpRNA_RFAM_42194.bpseq
TS0/bpRNA_RFAM_42196.bpseq
TS0/bpRNA_RFAM_42225.bpseq
TS0/bpRNA_RFAM_42230.bpseq
TS0/bpRNA_RFAM_42256.bpseq
TS0/bpRNA_RFAM_42299.bpseq
TS0/bpRNA_RFAM_42316.bpseq
TS0/bpRNA_RFAM_42320.bpseq
TS0/bpRNA_RFAM_42321.bpseq
TS0/bpRNA_RFAM_42363.bpseq
TS0/bpRNA_RFAM_42423.bpseq
TS0/bpRNA_RFAM_42440.bpseq
TS0/bpRNA_RFAM_42447.bpseq
TS0/bpRNA_RFAM_42448.bpseq
TS0/bpRNA_RFAM_42454.bpseq
TS0/bpRNA_RFAM_42479.bpseq
TS0/bpRNA_RFAM_42484.bpseq
TS0/bpRNA_RFAM_42507.bpseq
TS0/bpRNA_RFAM_42521.bpseq
TS0/bpRNA_RFAM_42556.bpseq
TS0/bpRNA_RFAM_42575.bpseq
TS0/bpRNA_RFAM_42661.bpseq
TS0/bpRNA_RFAM_42666.bpseq
TS0/bpRNA_RFAM_42703.bpseq
TS0/bpRNA_RFAM_42818.bpseq
TS0/bpRNA_RFAM_4312.bpseq
TS0/bpRNA_RFAM_4314.bpseq
TS0/bpRNA_RFAM_43210.bpseq
TS0/bpRNA_RFAM_43252.bpseq
TS0/bpRNA_RFAM_4326.bpseq
TS0/bpRNA_RFAM_4330.bpseq
TS0/bpRNA_RFAM_4339.bpseq
TS0/bpRNA_RFAM_4343.bpseq
TS0/bpRNA_RFAM_4349.bpseq
TS0/bpRNA_RFAM_4389.bpseq
TS0/bpRNA_RFAM_4395.bpseq
TS0/bpRNA_RFAM_4490.bpseq
TS0/bpRNA_RFAM_4510.bpseq
TS0/bpRNA_RFAM_4617.bpseq
TS0/bpRNA_RFAM_4633.bpseq
TS0/bpRNA_RFAM_4640.bpseq
TS0/bpRNA_RFAM_4651.bpseq
TS0/bpRNA_RFAM_4745.bpseq
TS0/bpRNA_RFAM_4772.bpseq
TS0/bpRNA_RFAM_4814.bpseq
TS0/bpRNA_RFAM_4820.bpseq
TS0/bpRNA_RFAM_4826.bpseq
TS0/bpRNA_RFAM_4846.bpseq
TS0/bpRNA_RFAM_4878.bpseq
TS0/bpRNA_RFAM_4907.bpseq
TS0/bpRNA_RFAM_4909.bpseq
TS0/bpRNA_RFAM_5049.bpseq
TS0/bpRNA_RFAM_5054.bpseq
TS0/bpRNA_RFAM_5057.bpseq
TS0/bpRNA_RFAM_51.bpseq
TS0/bpRNA_RFAM_516.bpseq
TS0/bpRNA_RFAM_5185.bpseq
TS0/bpRNA_RFAM_5189.bpseq
TS0/bpRNA_RFAM_5202.bpseq
TS0/bpRNA_RFAM_5292.bpseq
TS0/bpRNA_RFAM_5352.bpseq
TS0/bpRNA_RFAM_5355.bpseq
TS0/bpRNA_RFAM_5418.bpseq
TS0/bpRNA_RFAM_5444.bpseq
TS0/bpRNA_RFAM_5462.bpseq
TS0/bpRNA_RFAM_5467.bpseq
TS0/bpRNA_RFAM_5491.bpseq
TS0/bpRNA_RFAM_5512.bpseq
TS0/bpRNA_RFAM_5645.bpseq
TS0/bpRNA_RFAM_5655.bpseq
TS0/bpRNA_RFAM_5690.bpseq
TS0/bpRNA_RFAM_5723.bpseq
TS0/bpRNA_RFAM_5751.bpseq
TS0/bpRNA_RFAM_5772.bpseq
TS0/bpRNA_RFAM_5781.bpseq
TS0/bpRNA_RFAM_5782.bpseq
TS0/bpRNA_RFAM_5849.bpseq
TS0/bpRNA_RFAM_5880.bpseq
TS0/bpRNA_RFAM_5970.bpseq
TS0/bpRNA_RFAM_5972.bpseq
TS0/bpRNA_RFAM_5974.bpseq
TS0/bpRNA_RFAM_6040.bpseq
TS0/bpRNA_RFAM_6042.bpseq
TS0/bpRNA_RFAM_6055.bpseq
TS0/bpRNA_RFAM_6088.bpseq
TS0/bpRNA_RFAM_6114.bpseq
TS0/bpRNA_RFAM_6118.bpseq
TS0/bpRNA_RFAM_6130.bpseq
TS0/bpRNA_RFAM_6132.bpseq
TS0/bpRNA_RFAM_6139.bpseq
TS0/bpRNA_RFAM_6146.bpseq
TS0/bpRNA_RFAM_6191.bpseq
TS0/bpRNA_RFAM_621.bpseq
TS0/bpRNA_RFAM_6217.bpseq
TS0/bpRNA_RFAM_6225.bpseq
TS0/bpRNA_RFAM_6232.bpseq
TS0/bpRNA_RFAM_6236.bpseq
TS0/bpRNA_RFAM_6283.bpseq
TS0/bpRNA_RFAM_6348.bpseq
TS0/bpRNA_RFAM_6374.bpseq
TS0/bpRNA_RFAM_6486.bpseq
TS0/bpRNA_RFAM_6540.bpseq
TS0/bpRNA_RFAM_6613.bpseq
TS0/bpRNA_RFAM_6661.bpseq
TS0/bpRNA_RFAM_6704.bpseq
TS0/bpRNA_RFAM_6784.bpseq
TS0/bpRNA_RFAM_6790.bpseq
TS0/bpRNA_RFAM_6799.bpseq
TS0/bpRNA_RFAM_6813.bpseq
TS0/bpRNA_RFAM_6844.bpseq
TS0/bpRNA_RFAM_6874.bpseq
TS0/bpRNA_RFAM_6898.bpseq
TS0/bpRNA_RFAM_6935.bpseq
TS0/bpRNA_RFAM_7062.bpseq
TS0/bpRNA_RFAM_7117.bpseq
TS0/bpRNA_RFAM_7123.bpseq
TS0/bpRNA_RFAM_7151.bpseq
TS0/bpRNA_RFAM_7155.bpseq
TS0/bpRNA_RFAM_7163.bpseq
TS0/bpRNA_RFAM_7172.bpseq
TS0/bpRNA_RFAM_7198.bpseq
TS0/bpRNA_RFAM_7227.bpseq
TS0/bpRNA_RFAM_7240.bpseq
TS0/bpRNA_RFAM_738.bpseq
TS0/bpRNA_RFAM_7392.bpseq
TS0/bpRNA_RFAM_7398.bpseq
TS0/bpRNA_RFAM_7485.bpseq
TS0/bpRNA_RFAM_7496.bpseq
TS0/bpRNA_RFAM_7547.bpseq
TS0/bpRNA_RFAM_7558.bpseq
TS0/bpRNA_RFAM_7581.bpseq
TS0/bpRNA_RFAM_7648.bpseq
TS0/bpRNA_RFAM_7662.bpseq
TS0/bpRNA_RFAM_7664.bpseq
TS0/bpRNA_RFAM_7681.bpseq
TS0/bpRNA_RFAM_7737.bpseq
TS0/bpRNA_RFAM_7764.bpseq
TS0/bpRNA_RFAM_7926.bpseq
TS0/bpRNA_RFAM_7940.bpseq
TS0/bpRNA_RFAM_7947.bpseq
TS0/bpRNA_RFAM_8000.bpseq
TS0/bpRNA_RFAM_8051.bpseq
TS0/bpRNA_RFAM_8129.bpseq
TS0/bpRNA_RFAM_8134.bpseq
TS0/bpRNA_RFAM_8194.bpseq
TS0/bpRNA_RFAM_8208.bpseq
TS0/bpRNA_RFAM_8211.bpseq
TS0/bpRNA_RFAM_8213.bpseq
TS0/bpRNA_RFAM_8238.bpseq
TS0/bpRNA_RFAM_8278.bpseq
TS0/bpRNA_RFAM_83.bpseq
TS0/bpRNA_RFAM_8318.bpseq
TS0/bpRNA_RFAM_8320.bpseq
TS0/bpRNA_RFAM_8330.bpseq
TS0/bpRNA_RFAM_8361.bpseq
TS0/bpRNA_RFAM_838.bpseq
TS0/bpRNA_RFAM_8458.bpseq
TS0/bpRNA_RFAM_848.bpseq
TS0/bpRNA_RFAM_8525.bpseq
TS0/bpRNA_RFAM_8538.bpseq
TS0/bpRNA_RFAM_8562.bpseq
TS0/bpRNA_RFAM_8563.bpseq
TS0/bpRNA_RFAM_8564.bpseq
TS0/bpRNA_RFAM_8567.bpseq
TS0/bpRNA_RFAM_8578.bpseq
TS0/bpRNA_RFAM_8591.bpseq
TS0/bpRNA_RFAM_8671.bpseq
TS0/bpRNA_RFAM_8760.bpseq
TS0/bpRNA_RFAM_883.bpseq
TS0/bpRNA_RFAM_894.bpseq
TS0/bpRNA_RFAM_8962.bpseq
TS0/bpRNA_RFAM_898.bpseq
TS0/bpRNA_RFAM_8993.bpseq
TS0/bpRNA_RFAM_9022.bpseq
TS0/bpRNA_RFAM_9038.bpseq
TS0/bpRNA_RFAM_9041.bpseq
TS0/bpRNA_RFAM_9070.bpseq
TS0/bpRNA_RFAM_9076.bpseq
TS0/bpRNA_RFAM_908.bpseq
TS0/bpRNA_RFAM_9117.bpseq
TS0/bpRNA_RFAM_9122.bpseq
TS0/bpRNA_RFAM_9130.bpseq
TS0/bpRNA_RFAM_9133.bpseq
TS0/bpRNA_RFAM_9138.bpseq
TS0/bpRNA_RFAM_918.bpseq
TS0/bpRNA_RFAM_9187.bpseq
TS0/bpRNA_RFAM_9189.bpseq
TS0/bpRNA_RFAM_9200.bpseq
TS0/bpRNA_RFAM_928.bpseq
TS0/bpRNA_RFAM_9280.bpseq
TS0/bpRNA_RFAM_9291.bpseq
TS0/bpRNA_RFAM_9311.bpseq
TS0/bpRNA_RFAM_9333.bpseq
TS0/bpRNA_RFAM_9336.bpseq
TS0/bpRNA_RFAM_9337.bpseq
TS0/bpRNA_RFAM_9344.bpseq
TS0/bpRNA_RFAM_9643.bpseq
TS0/bpRNA_RFAM_9709.bpseq
TS0/bpRNA_RFAM_9749.bpseq
TS0/bpRNA_RFAM_9799.bpseq
TS0/bpRNA_RFAM_9899.bpseq
TS0/bpRNA_RFAM_9904.bpseq
TS0/bpRNA_RFAM_9921.bpseq
TS0/bpRNA_RFAM_9931.bpseq
TS0/bpRNA_RFAM_9963.bpseq
TS0/bpRNA_RFAM_9969.bpseq
TS0/bpRNA_RNP_114.bpseq
TS0/bpRNA_RNP_126.bpseq
TS0/bpRNA_RNP_14.bpseq
TS0/bpRNA_RNP_182.bpseq
TS0/bpRNA_RNP_205.bpseq
TS0/bpRNA_RNP_247.bpseq
TS0/bpRNA_RNP_278.bpseq
TS0/bpRNA_RNP_31.bpseq
TS0/bpRNA_RNP_310.bpseq
TS0/bpRNA_RNP_318.bpseq
TS0/bpRNA_RNP_351.bpseq
TS0/bpRNA_RNP_375.bpseq
TS0/bpRNA_RNP_398.bpseq
TS0/bpRNA_RNP_414.bpseq
TS0/bpRNA_RNP_431.bpseq
TS0/bpRNA_RNP_450.bpseq
TS0/bpRNA_RNP_98.bpseq
TS0/bpRNA_SPR_109.bpseq
TS0/bpRNA_SPR_111.bpseq
TS0/bpRNA_SPR_138.bpseq
TS0/bpRNA_SPR_158.bpseq
TS0/bpRNA_SPR_185.bpseq
TS0/bpRNA_SPR_194.bpseq
TS0/bpRNA_SPR_196.bpseq
TS0/bpRNA_SPR_2.bpseq
TS0/bpRNA_SPR_205.bpseq
TS0/bpRNA_SPR_22.bpseq
TS0/bpRNA_SPR_345.bpseq
TS0/bpRNA_SPR_35.bpseq
TS0/bpRNA_SPR_402.bpseq
TS0/bpRNA_SPR_463.bpseq
TS0/bpRNA_SPR_486.bpseq
TS0/bpRNA_SPR_496.bpseq
TS0/bpRNA_SPR_503.bpseq
TS0/bpRNA_SPR_513.bpseq
TS0/bpRNA_SPR_531.bpseq
TS0/bpRNA_SPR_532.bpseq
TS0/bpRNA_SPR_563.bpseq
TS0/bpRNA_SPR_597.bpseq
TS0/bpRNA_SPR_599.bpseq
TS0/bpRNA_SPR_91.bpseq
TS0/bpRNA_SRP_10.bpseq
TS0/bpRNA_SRP_187.bpseq
TS0/bpRNA_SRP_192.bpseq
TS0/bpRNA_SRP_278.bpseq
TS0/bpRNA_SRP_332.bpseq
TS0/bpRNA_SRP_397.bpseq
TS0/bpRNA_SRP_399.bpseq
TS0/bpRNA_SRP_576.bpseq
TS0/bpRNA_SRP_607.bpseq
TS0/bpRNA_SRP_720.bpseq
TS0/bpRNA_SRP_861.bpseq
TS0/bpRNA_SRP_867.bpseq
TS0/bpRNA_tmRNA_1.bpseq
TS0/bpRNA_tmRNA_113.bpseq
TS0/bpRNA_tmRNA_138.bpseq
TS0/bpRNA_tmRNA_168.bpseq
TS0/bpRNA_tmRNA_184.bpseq
TS0/bpRNA_tmRNA_240.bpseq
TS0/bpRNA_tmRNA_242.bpseq
TS0/bpRNA_tmRNA_252.bpseq
TS0/bpRNA_tmRNA_305.bpseq
TS0/bpRNA_tmRNA_334.bpseq
TS0/bpRNA_tmRNA_340.bpseq
TS0/bpRNA_tmRNA_367.bpseq
TS0/bpRNA_tmRNA_397.bpseq
TS0/bpRNA_tmRNA_399.bpseq
TS0/bpRNA_tmRNA_413.bpseq
TS0/bpRNA_tmRNA_434.bpseq
TS0/bpRNA_tmRNA_499.bpseq
TS0/bpRNA_tmRNA_602.bpseq
TS0/bpRNA_tmRNA_610.bpseq
TS0/bpRNA_tmRNA_643.bpseq
TS0/bpRNA_tmRNA_651.bpseq
TS0/bpRNA_tmRNA_686.bpseq
TS0/bpRNA_tmRNA_693.bpseq
